# testmap.map: -*- Fundamental -*-  DESCRIPTIVE TEXT.
# 
# Copyright (c) 1996 Brian J. Fox
# Author: Brian J. Fox (bfox@ua.com) Tue Feb  6 16:31:27 1996.

# The inner square:				     Upperleft, Lowerright
rect	testmap.mhtml?click=Inner+Square&x=$X&y=$Y	41,37     82,74

# The outer square:				     Upperleft, Lowerright
rect	testmap.mhtml?click=Outer+Square&x=$X&y=$Y	11,15     121,107

# The purple circle:				    CenterPoint EdgePoint
circle	testmap.mhtml?click=Purple+Circle&x=$X&y=$Y	262,38   284,56 

# The Brown Circle:				    CenterPoint EdgePoint
circle	testmap.mhtml?click=Brown+Circle&x=$X&y=$Y	362,61   362,103 

# We turned the green line into a rectangle.	      Upperleft, Lowerright
rect	testmap.mhtml?click=Green+Line&x=$X&y=$Y	12,118     83,140 

# Finally, the triangle.  We use a polygon to describe this slightly
# off center triangle.  The point list is a list of vertices.
poly	testmap.mhtml?click=Triangle&x=$X&y=$Y	214,49 305,121 130,133 120,119

# The Black dot.				      CenterPoint EdgePoint
circle	testmap.mhtml?click=Black+Dot&x=$X&y=$Y		361,133    370,138
# point	testmap.mhtml?click=Black+Dot&x=$X&y=$Y	361,133

# Finally, what to do when nothing seems to fit.
#
# The branch below is never taken when a POINT target is specified,
# since *some* point is closest to the result.
default	testmap.mhtml?click=Nothing&x=$X&y=$Y

